<link rel="stylesheet" href="../style.css" />

[TOC]
# test.zxtypes



## **PROTOCOLS**

## StatusProtocol {#StatusProtocol}
*Defined in [test.zxtypes/zx_types.test.fidl](https://cs.opensource.google/fuchsia/fuchsia/+/main:tools/fidl/fidlc/testdata/zx_types.test.fidl;l=55)*


### A {#StatusProtocol.A}




#### Request {#StatusProtocol.A_Request}

<table>
    <tr><th>Name</th><th>Type</th></tr>
        <tr>
            <td><code>arg</code></td>
            <td>
                <code><a class='link' href='../zx/'>zx</a>/<a class='link' href='../zx/#Status'>Status</a></code>
            </td>
        </tr>
</table>


#### Response {#StatusProtocol.A_Response}

<table>
    <tr><th>Name</th><th>Type</th></tr>
        <tr>
            <td><code>payload</code></td>
            <td>
                <code><a class='link' href='#StatusProtocol_A_Result'>StatusProtocol_A_Result</a></code>
            </td>
        </tr>
</table>

### B {#StatusProtocol.B}




#### Request {#StatusProtocol.B_Request}

<table>
    <tr><th>Name</th><th>Type</th></tr>
        <tr>
            <td><code>arg</code></td>
            <td>
                <code><a class='link' href='#StatusAlias'>StatusAlias</a></code>
            </td>
        </tr>
</table>


#### Response {#StatusProtocol.B_Response}

<table>
    <tr><th>Name</th><th>Type</th></tr>
        <tr>
            <td><code>payload</code></td>
            <td>
                <code><a class='link' href='#StatusProtocol_B_Result'>StatusProtocol_B_Result</a></code>
            </td>
        </tr>
</table>


## **STRUCTS**

### StatusProtocol_A_Response  {#StatusProtocol_A_Response data-text="StatusProtocol_A_Response"}
*Defined in [test.zxtypes/zx_types.test.fidl](https://cs.opensource.google/fuchsia/fuchsia/+/main:tools/fidl/fidlc/testdata/zx_types.test.fidl;l=58)*

<table>
    <tr><th>Field</th><th>Type</th><th>Description</th><th>Default</th></tr>
        <tr id="StatusProtocol_A_Response.result">
            <td><code>result</code></td>
            <td>
                <code><a class='link' href='../zx/'>zx</a>/<a class='link' href='../zx/#Status'>Status</a></code>
            </td>
            <td></td>
            <td>No default</td>
        </tr>
</table>

### StatusProtocol_B_Response  {#StatusProtocol_B_Response data-text="StatusProtocol_B_Response"}
*Defined in [test.zxtypes/zx_types.test.fidl](https://cs.opensource.google/fuchsia/fuchsia/+/main:tools/fidl/fidlc/testdata/zx_types.test.fidl;l=64)*

<table>
    <tr><th>Field</th><th>Type</th><th>Description</th><th>Default</th></tr>
        <tr id="StatusProtocol_B_Response.result">
            <td><code>result</code></td>
            <td>
                <code><a class='link' href='#StatusAlias'>StatusAlias</a></code>
            </td>
            <td></td>
            <td>No default</td>
        </tr>
</table>

### StatusStruct  {#StatusStruct data-text="StatusStruct"}
*Defined in [test.zxtypes/zx_types.test.fidl](https://cs.opensource.google/fuchsia/fuchsia/+/main:tools/fidl/fidlc/testdata/zx_types.test.fidl;l=19)*

<table>
    <tr><th>Field</th><th>Type</th><th>Description</th><th>Default</th></tr>
        <tr id="StatusStruct.status">
            <td><code>status</code></td>
            <td>
                <code><a class='link' href='../zx/'>zx</a>/<a class='link' href='../zx/#Status'>Status</a></code>
            </td>
            <td></td>
            <td>No default</td>
        </tr>
        <tr id="StatusStruct.status_array">
            <td><code>status_array</code></td>
            <td>
                <code>array&lt;<a class='link' href='../zx/'>zx</a>/<a class='link' href='../zx/#Status'>Status</a>,&nbsp;10&gt;</code>
            </td>
            <td></td>
            <td>No default</td>
        </tr>
        <tr id="StatusStruct.status_vector">
            <td><code>status_vector</code></td>
            <td>
                <code>vector&lt;<a class='link' href='../zx/'>zx</a>/<a class='link' href='../zx/#Status'>Status</a>&gt;</code>
            </td>
            <td></td>
            <td>No default</td>
        </tr>
</table>

### StatusStructAlias  {#StatusStructAlias data-text="StatusStructAlias"}
*Defined in [test.zxtypes/zx_types.test.fidl](https://cs.opensource.google/fuchsia/fuchsia/+/main:tools/fidl/fidlc/testdata/zx_types.test.fidl;l=25)*

<table>
    <tr><th>Field</th><th>Type</th><th>Description</th><th>Default</th></tr>
        <tr id="StatusStructAlias.status">
            <td><code>status</code></td>
            <td>
                <code><a class='link' href='#StatusAlias'>StatusAlias</a></code>
            </td>
            <td></td>
            <td>No default</td>
        </tr>
        <tr id="StatusStructAlias.status_array">
            <td><code>status_array</code></td>
            <td>
                <code>array&lt;<a class='link' href='#StatusAlias'>StatusAlias</a>,&nbsp;10&gt;</code>
            </td>
            <td></td>
            <td>No default</td>
        </tr>
        <tr id="StatusStructAlias.status_vector">
            <td><code>status_vector</code></td>
            <td>
                <code>vector&lt;<a class='link' href='#StatusAlias'>StatusAlias</a>&gt;</code>
            </td>
            <td></td>
            <td>No default</td>
        </tr>
</table>


## **ENUMS**

### StatusEnum [flexible](/fuchsia-src/reference/fidl/language/language.md#strict-vs-flexible){:.fidl-attribute} {#StatusEnum data-text="StatusEnum"}
Type: <code>int32</code>

*Defined in [test.zxtypes/zx_types.test.fidl](https://cs.opensource.google/fuchsia/fuchsia/+/main:tools/fidl/fidlc/testdata/zx_types.test.fidl;l=11)*

<table>
    <tr><th>Name</th><th>Value</th><th>Description</th></tr>
        <tr id="StatusEnum.OK">
<td><h3 id="StatusEnum.OK" class="add-link hide-from-toc">OK</h3></td>
            <td><code>0</code></td>
            <td></td>
        </tr>
</table>

### StatusEnumAlias [flexible](/fuchsia-src/reference/fidl/language/language.md#strict-vs-flexible){:.fidl-attribute} {#StatusEnumAlias data-text="StatusEnumAlias"}
Type: <code>int32</code>

*Defined in [test.zxtypes/zx_types.test.fidl](https://cs.opensource.google/fuchsia/fuchsia/+/main:tools/fidl/fidlc/testdata/zx_types.test.fidl;l=15)*

<table>
    <tr><th>Name</th><th>Value</th><th>Description</th></tr>
        <tr id="StatusEnumAlias.OK">
<td><h3 id="StatusEnumAlias.OK" class="add-link hide-from-toc">OK</h3></td>
            <td><code>0</code></td>
            <td></td>
        </tr>
</table>


## **TABLES**

### StatusTable  {#StatusTable data-text="StatusTable"}


*Defined in [test.zxtypes/zx_types.test.fidl](https://cs.opensource.google/fuchsia/fuchsia/+/main:tools/fidl/fidlc/testdata/zx_types.test.fidl;l=31)*

<table>
    <tr><th>Ordinal</th><th>Field</th><th>Type</th><th>Description</th></tr>
        <tr id="StatusTable.status">
<td><h3 id="StatusTable.status" class="add-link hide-from-toc">1</h3></td>
            <td><code>status</code></td>
            <td>
                <code><a class='link' href='../zx/'>zx</a>/<a class='link' href='../zx/#Status'>Status</a></code>
            </td>
            <td></td>
        </tr>
        <tr id="StatusTable.status_array">
<td><h3 id="StatusTable.status_array" class="add-link hide-from-toc">2</h3></td>
            <td><code>status_array</code></td>
            <td>
                <code>array&lt;<a class='link' href='../zx/'>zx</a>/<a class='link' href='../zx/#Status'>Status</a>,&nbsp;10&gt;</code>
            </td>
            <td></td>
        </tr>
        <tr id="StatusTable.status_vector">
<td><h3 id="StatusTable.status_vector" class="add-link hide-from-toc">3</h3></td>
            <td><code>status_vector</code></td>
            <td>
                <code>vector&lt;<a class='link' href='../zx/'>zx</a>/<a class='link' href='../zx/#Status'>Status</a>&gt;</code>
            </td>
            <td></td>
        </tr>
</table>

### StatusTableAlias  {#StatusTableAlias data-text="StatusTableAlias"}


*Defined in [test.zxtypes/zx_types.test.fidl](https://cs.opensource.google/fuchsia/fuchsia/+/main:tools/fidl/fidlc/testdata/zx_types.test.fidl;l=37)*

<table>
    <tr><th>Ordinal</th><th>Field</th><th>Type</th><th>Description</th></tr>
        <tr id="StatusTableAlias.status">
<td><h3 id="StatusTableAlias.status" class="add-link hide-from-toc">1</h3></td>
            <td><code>status</code></td>
            <td>
                <code><a class='link' href='#StatusAlias'>StatusAlias</a></code>
            </td>
            <td></td>
        </tr>
        <tr id="StatusTableAlias.status_array">
<td><h3 id="StatusTableAlias.status_array" class="add-link hide-from-toc">2</h3></td>
            <td><code>status_array</code></td>
            <td>
                <code>array&lt;<a class='link' href='#StatusAlias'>StatusAlias</a>,&nbsp;10&gt;</code>
            </td>
            <td></td>
        </tr>
        <tr id="StatusTableAlias.status_vector">
<td><h3 id="StatusTableAlias.status_vector" class="add-link hide-from-toc">3</h3></td>
            <td><code>status_vector</code></td>
            <td>
                <code>vector&lt;<a class='link' href='#StatusAlias'>StatusAlias</a>&gt;</code>
            </td>
            <td></td>
        </tr>
</table>


## **UNIONS**

### StatusProtocol_A_Result [strict](/fuchsia-src/reference/fidl/language/language.md#strict-vs-flexible){:.fidl-attribute}  {#StatusProtocol_A_Result data-text="StatusProtocol_A_Result"}
*Defined in [test.zxtypes/zx_types.test.fidl](https://cs.opensource.google/fuchsia/fuchsia/+/main:tools/fidl/fidlc/testdata/zx_types.test.fidl;l=58)*
<table>
    <tr><th>Ordinal</th><th>Variant</th><th>Type</th><th>Description</th></tr>
        <tr id="StatusProtocol_A_Result.response">
<td><h3 id="StatusProtocol_A_Result.response" class="add-link hide-from-toc">1</h3></td>
            <td><code>response</code></td>
            <td>
                <code><a class='link' href='#StatusProtocol_A_Response'>StatusProtocol_A_Response</a></code>
            </td>
            <td></td>
        </tr>
        <tr id="StatusProtocol_A_Result.err">
<td><h3 id="StatusProtocol_A_Result.err" class="add-link hide-from-toc">2</h3></td>
            <td><code>err</code></td>
            <td>
                <code><a class='link' href='../zx/'>zx</a>/<a class='link' href='../zx/#Status'>Status</a></code>
            </td>
            <td></td>
        </tr>
        <tr id="StatusProtocol_A_Result.framework_err">
<td><h3 id="StatusProtocol_A_Result.framework_err" class="add-link hide-from-toc">3</h3></td>
            <td><code>framework_err</code></td>
            <td>
                <code>internal</code>
            </td>
            <td></td>
        </tr>
</table>

### StatusProtocol_B_Result [strict](/fuchsia-src/reference/fidl/language/language.md#strict-vs-flexible){:.fidl-attribute}  {#StatusProtocol_B_Result data-text="StatusProtocol_B_Result"}
*Defined in [test.zxtypes/zx_types.test.fidl](https://cs.opensource.google/fuchsia/fuchsia/+/main:tools/fidl/fidlc/testdata/zx_types.test.fidl;l=64)*
<table>
    <tr><th>Ordinal</th><th>Variant</th><th>Type</th><th>Description</th></tr>
        <tr id="StatusProtocol_B_Result.response">
<td><h3 id="StatusProtocol_B_Result.response" class="add-link hide-from-toc">1</h3></td>
            <td><code>response</code></td>
            <td>
                <code><a class='link' href='#StatusProtocol_B_Response'>StatusProtocol_B_Response</a></code>
            </td>
            <td></td>
        </tr>
        <tr id="StatusProtocol_B_Result.err">
<td><h3 id="StatusProtocol_B_Result.err" class="add-link hide-from-toc">2</h3></td>
            <td><code>err</code></td>
            <td>
                <code><a class='link' href='#StatusAlias'>StatusAlias</a></code>
            </td>
            <td></td>
        </tr>
        <tr id="StatusProtocol_B_Result.framework_err">
<td><h3 id="StatusProtocol_B_Result.framework_err" class="add-link hide-from-toc">3</h3></td>
            <td><code>framework_err</code></td>
            <td>
                <code>internal</code>
            </td>
            <td></td>
        </tr>
</table>

### StatusUnion [flexible](/fuchsia-src/reference/fidl/language/language.md#strict-vs-flexible){:.fidl-attribute}  {#StatusUnion data-text="StatusUnion"}
*Defined in [test.zxtypes/zx_types.test.fidl](https://cs.opensource.google/fuchsia/fuchsia/+/main:tools/fidl/fidlc/testdata/zx_types.test.fidl;l=43)*
<table>
    <tr><th>Ordinal</th><th>Variant</th><th>Type</th><th>Description</th></tr>
        <tr id="StatusUnion.status">
<td><h3 id="StatusUnion.status" class="add-link hide-from-toc">1</h3></td>
            <td><code>status</code></td>
            <td>
                <code><a class='link' href='../zx/'>zx</a>/<a class='link' href='../zx/#Status'>Status</a></code>
            </td>
            <td></td>
        </tr>
        <tr id="StatusUnion.status_array">
<td><h3 id="StatusUnion.status_array" class="add-link hide-from-toc">2</h3></td>
            <td><code>status_array</code></td>
            <td>
                <code>array&lt;<a class='link' href='../zx/'>zx</a>/<a class='link' href='../zx/#Status'>Status</a>,&nbsp;10&gt;</code>
            </td>
            <td></td>
        </tr>
        <tr id="StatusUnion.status_vector">
<td><h3 id="StatusUnion.status_vector" class="add-link hide-from-toc">3</h3></td>
            <td><code>status_vector</code></td>
            <td>
                <code>vector&lt;<a class='link' href='../zx/'>zx</a>/<a class='link' href='../zx/#Status'>Status</a>&gt;</code>
            </td>
            <td></td>
        </tr>
</table>

### StatusUnionAlias [flexible](/fuchsia-src/reference/fidl/language/language.md#strict-vs-flexible){:.fidl-attribute}  {#StatusUnionAlias data-text="StatusUnionAlias"}
*Defined in [test.zxtypes/zx_types.test.fidl](https://cs.opensource.google/fuchsia/fuchsia/+/main:tools/fidl/fidlc/testdata/zx_types.test.fidl;l=49)*
<table>
    <tr><th>Ordinal</th><th>Variant</th><th>Type</th><th>Description</th></tr>
        <tr id="StatusUnionAlias.status">
<td><h3 id="StatusUnionAlias.status" class="add-link hide-from-toc">1</h3></td>
            <td><code>status</code></td>
            <td>
                <code><a class='link' href='#StatusAlias'>StatusAlias</a></code>
            </td>
            <td></td>
        </tr>
        <tr id="StatusUnionAlias.status_array">
<td><h3 id="StatusUnionAlias.status_array" class="add-link hide-from-toc">2</h3></td>
            <td><code>status_array</code></td>
            <td>
                <code>array&lt;<a class='link' href='#StatusAlias'>StatusAlias</a>,&nbsp;10&gt;</code>
            </td>
            <td></td>
        </tr>
        <tr id="StatusUnionAlias.status_vector">
<td><h3 id="StatusUnionAlias.status_vector" class="add-link hide-from-toc">3</h3></td>
            <td><code>status_vector</code></td>
            <td>
                <code>vector&lt;<a class='link' href='#StatusAlias'>StatusAlias</a>&gt;</code>
            </td>
            <td></td>
        </tr>
</table>




## **ALIASES**

<table>
    <tr><th>Name</th><th>Value</th><th>Description</th></tr>
        <tr id="StatusAlias">
            <td><a href="https://cs.opensource.google/fuchsia/fuchsia/+/main:tools/fidl/fidlc/testdata/zx_types.test.fidl;l=9">StatusAlias</a></td>
            <td>
                <code>int32</code></td>
            <td></td>
        </tr>
</table>
